Model: ethanyt/guwenbert-base | device: cuda | task: southnorth
Chunks: 2736 | poets: 242 | classes: [np.str_('北方'), np.str_('南方')]
Single grouped hold-out split

--- fold 1/1 | train chunks 2049 | test chunks 687 | test poets 61 ---
Some weights of RobertaForSequenceClassification were not initialized from the model checkpoint at ethanyt/guwenbert-base and are newly initialized: ['classifier.dense.bias', 'classifier.dense.weight', 'classifier.out_proj.bias', 'classifier.out_proj.weight']
You should probably TRAIN this model on a down-stream task to be able to use it for predictions and inference.
  epoch 1 step 0/65 loss 0.704
  epoch 1 step 50/65 loss 0.647
  epoch 1 avg loss 0.695 train_acc 0.537
  epoch 2 step 0/65 loss 0.752
  epoch 2 step 50/65 loss 0.706
  epoch 2 avg loss 0.701 train_acc 0.496
  epoch 3 step 0/65 loss 0.692
  epoch 3 step 50/65 loss 0.656
  epoch 3 avg loss 0.682 train_acc 0.550
  epoch 4 step 0/65 loss 0.688
  epoch 4 step 50/65 loss 0.707
  epoch 4 avg loss 0.698 train_acc 0.564
  epoch 5 step 0/65 loss 0.673
  epoch 5 step 50/65 loss 0.632
  epoch 5 avg loss 0.664 train_acc 0.620
  epoch 6 step 0/65 loss 0.640
  epoch 6 step 50/65 loss 0.668
  epoch 6 avg loss 0.638 train_acc 0.652
  fold 1 poet-level: accuracy 0.689 | macro-F1 0.689

=== Grouped CV summary (poet-level) ===
accuracy  0.689 +/- 0.000
macro-F1  0.689 +/- 0.000
